{
  "name": "TestDataset",
  "attributes": [],
  "leaves": [
    {
      "name": "byte",
      "type": "b",
      "attributes": [],
      "shape": [1],
,
    {
      "name": "i16",
      "type": "i",
      "attributes": [],
      "shape": [1],
,
    {
      "name": "i32",
      "type": "i",
      "attributes": [],
      "shape": [1],
,
    {
      "name": "ui16",
      "type": "ui",
      "attributes": [],
      "shape": [1],
,
    {
      "name": "ui32",
      "type": "ui",
      "attributes": [],
      "shape": [1],
,
    {
      "name": "f32",
      "type": "f",
      "attributes": [],
      "shape": [1],
,
    {
      "name": "f64",
      "type": "f",
      "attributes": [],
      "shape": [1],
,
    {
      "name": "str",
      "type": "s",
      "attributes": [],
      "shape": [1],
,
    {
      "name": "oneDArrayF64",
      "type": "f",
      "attributes": [],
      "shape": [2]
    },
    {
      "name": "twoDArrayF64",
      "type": "f",
      "attributes": [],
      "shape": [2,4]
    },
    {
      "name": "twoDArrayUI32",
      "type": "ui",
      "attributes": [],
      "shape": [2,4]
    },
    {
      "name": "threeDArrayF64",
      "type": "f",
      "attributes": [],
      "shape": [2,4,5]
    }
  ],
  "nodes": [
    {
      "name": "test_structure",
      "attributes": [],
      "leaves": [
        {
          "name": "byte",
          "type": "b",
          "attributes": [],
          "shape": [1],
,
        {
          "name": "i16",
          "type": "i",
          "attributes": [],
          "shape": [1],
,
        {
          "name": "fooStr",
          "type": "s",
          "attributes": [],
          "shape": [1],

      ],
      "nodes": []
    }
    {
      "name": "test_sequence",
      "attributes": [],
      "leaves": [
        {
          "name": "byte",
          "type": "b",
          "attributes": [],
          "shape": [1],
,
        {
          "name": "i16",
          "type": "i",
          "attributes": [],
          "shape": [1],
,
        {
          "name": "fooStr",
          "type": "s",
          "attributes": [],
          "shape": [1],

      ],
      "nodes": []
    }
    {
      "name": "test_grid",
      "attributes": [],
      "leaves": [
        {
          "name": "test_grid",
          "type": "f",
          "attributes": [],
          "shape": [36,18]
        },
        {
          "name": "longitude",
          "type": "f",
          "attributes": [],
          "shape": [36]
        },
        {
          "name": "latitude",
          "type": "f",
          "attributes": [],
          "shape": [18]
        }
      ],
      "nodes": []
    }

  ]
}
